Mono path[0] = 'C:/Users/recip/Unity/NinthAge/Builds/Client/NinthAge_Data/Managed'
Mono config path = 'C:/Users/recip/Unity/NinthAge/Builds/Client/MonoBleedingEdge/etc'
Input System module state changed to: Initialized.
[Physics::Module] Initialized fallback backend.
[Physics::Module] Id: 0xdecafbad
Initialize engine version: 6000.3.10f1 (e35f0c77bd8e)
[Subsystems] Discovering subsystems at path C:/Users/recip/Unity/NinthAge/Builds/Client/NinthAge_Data/UnitySubsystems
Forcing GfxDevice: Null
GfxDevice: creating device client; kGfxThreadingModeNonThreaded
NullGfxDevice:
    Version:  NULL 1.0 [1.0]
    Renderer: Null Device
    Vendor:   Unity Technologies
Begin MonoManager ReloadAssembly
- Loaded All Assemblies, in  3.622 seconds
- Finished resetting the current domain, in  0.003 seconds
[Physics::Module] Selected backend.
[Physics::Module] Name: PhysX
[Physics::Module] Id: 0xf2b8ea05
[Physics::Module] SDK Version: 4.1.2
[Physics::Module] Integration Version: 1.0.0
[Physics::Module] Threading Mode: Multi-Threaded
Microsoft Media Foundation video decoding to texture disabled: graphics device is Null, only Direct3D 11 and Direct3D 12 (only on desktop) are supported for hardware-accelerated video decoding.
UnloadTime: 0.997200 ms
INFO | 23:52:31 | [ServerInitialization] Server Initialization started.
INFO | 23:52:32 | [UI_Manager] Removing UI from the server.
INFO | 23:52:32 | [ServerInitialization]  - Step 1: Initializing Addressables...
INFO | 23:52:32 | [ServerInitialization]  ✓ Step 1: Addressables initialized successfully.
INFO | 23:52:32 | [ServerInitialization]  - Step 2: Loading game configuration...
INFO | 23:52:32 | [ServerInitialization]  ✓ Step 2: Game configuration loaded successfully.
INFO | 23:52:32 | [ServerInitialization]  - Step 3: Initializing networking as SERVER...
INFO | 23:52:33 | [ServerInitialization]  - Server started (listening on port 8888).
INFO | 23:52:33 | [ServerInitialization]  - Initialised the server connection manager.
INFO | 23:52:33 | [ServerInitialization]  ✓ Step 3: Networking initialized successfully.
INFO | 23:52:33 | [ServerInitialization]  - Step 4: Initializing server ECS worlds and systems...
INFO | 23:52:33 | [Unknown]  - Created WorldSpawnSystem.
INFO | 23:52:33 | [Unknown]  - Created ActorUpdateSystem.
INFO | 23:52:33 | [ResourceRegenSystem]  - Created ResourceRegenSystem.
INFO | 23:52:33 | [ServerInitialization]  ✓ Step 4: Server ECS worlds and systems initialized successfully.
INFO | 23:52:33 | [ServerInitialization]  - Step 5: Starting server simulation loop...
WARN | 23:52:33 | [ServerInitialization]  ✓ Step 5: Server simulation loop not yet implemented.
INFO | 23:52:33 | [ServerInitialization]  - Step 6: Initializing server RPC hooks...
INFO | 23:52:33 | [ServerInitialization]  ✓ Step 6: Server RPC hooks initialized successfully.
INFO | 23:52:33 | [ServerInitialization]  - Step 7: Initializing player database...
INFO | 23:52:33 | [ServerInitialization]  ✓ Step 7: Player database initialized successfully.
INFO | 23:52:33 | [ServerInitialization]  - Step 8: Loading world scene...
INFO | 23:52:33 | [ServerInitialization]  - Step 8: World scene manager initialized.
INFO | 23:52:33 | [ServerWorldManager] Global actors scene loaded.
INFO | 23:52:33 | [ServerInitialization]  - Step 8: Global actors scene loaded.
INFO | 23:52:33 | [ServerInitialization]  - Step 8: Interest manager initialized.
INFO | 23:52:33 | [ServerInitialization]  - Step 8: Server position manager initialized.
INFO | 23:52:33 | [ServerInitialization]  - Step 8: Server spawn manager initialized.
INFO | 23:52:33 | [ServerInitialization]  - Step 8: Server actor manager initialized.
INFO | 23:52:33 | [ServerInitialization]  - Step 8: Server stat manager initialized.
INFO | 23:52:33 | [ServerInitialization]  - Step 8: Server spell cast manager initialized.
INFO | 23:52:33 | [ServerInitialization]  - Step 8: Server aura manager initialized.
INFO | 23:52:33 | [ServerInitialization]  - Step 8: Server ticker manager initialized.
INFO | 23:52:33 | [ServerInitialization]  - Step 8: Server cooldown manager initialized.
INFO | 23:52:33 | [ServerInitialization]  - Step 8: Server auto-attack manager initialized.
INFO | 23:52:33 | [ServerInitialization]  ✓ Step 8: World scene loaded successfully.
INFO | 23:54:57 | [PlayerDatabase]  - Loaded 3 player accounts from C:/Users/recip/AppData/LocalLow/DefaultCompany/NinthAge\player_data.json.
WARN | 23:54:58 | [PlayerAuthService] New player account created for: Ortellus. Player account creation should not be handled by the authentication service in a production implementation.
INFO | 23:54:58 | [ServerConnectionManager]  ✓ Player authenticated: Ortellus (Reconnect: False)
INFO | 23:54:58 | [ServerConnectionManager]  - # of Characters: 0
INFO | 23:54:58 | [ServerConnectionManager] Player joined: 001 (Ortellus)
INFO | 23:55:13 | [AccountService] Received request to create character 'test' from player 001.
INFO | 23:55:13 | [AccountServiceHooks] Received character creation request from player 001 for character 'test'
INFO | 23:55:13 | [CharacterCreationService] Character 'test' created for player 001. Account 'Ortellus has 1 characters.
INFO | 23:55:16 | [AccountService] Received request to enter world with character ID 4aa8b99f-ad60-4ced-88fc-a5584f0ff5fc from player 001.
INFO | 23:55:16 | [AccountServiceHooks] Received enter world request from player 001 for character ID '4aa8b99f-ad60-4ced-88fc-a5584f0ff5fc'
INFO | 23:55:16 | [ServerConnectionManager] Set session data for player 001: Character GUID 4aa8b99f-ad60-4ced-88fc-a5584f0ff5fc
INFO | 23:55:16 | [ServerWorldManager] Scene 'World_0_0' loaded.
INFO | 23:55:16 | [ServerSpawnManager] Found 3 spawn points in 'World_0_0'.
INFO | 23:55:16 | [ServerSpawnManager] Spawned '[PH] NPC Unit' at float3(5.00001f, 1.00001f, 5f) in scene 'global_actors'.
INFO | 23:55:16 | [ServerActorManager] Actor spawned on server: [PH] NPC Unit (ID: b52352b7-b204-4d29-b150-1956f279998a)
INFO | 23:55:16 | [ServerSpawnManager] Spawned '[PH] NPC Unit' at float3(2.00001f, 1.00001f, 2f) in scene 'global_actors'.
INFO | 23:55:16 | [ServerActorManager] Actor spawned on server: [PH] NPC Unit (ID: 3f5a7208-e033-4423-9dd7-8ceee4e4eccd)
INFO | 23:55:16 | [ServerSpawnManager] Spawned '[PH] NPC Unit' at float3(1.00001f, 1.00001f, 4f) in scene 'global_actors'.
INFO | 23:55:16 | [ServerActorManager] Actor spawned on server: [PH] NPC Unit (ID: 5ca2851d-c9b9-4b64-9ee7-4a111b81739c)
INFO | 23:55:16 | [ServerSpawnManager] Spawned 'PlayerPrefab' at float3(0f, 5f, 0f) in scene 'global_actors'.
INFO | 23:55:16 | [ServerActorManager] Actor spawned on server: Player_001 (ID: e2f98660-b5e5-4c35-9eb3-b791fb1dd0f7)
INFO | 23:55:16 | [ServerSpawnManager] Adding missing spell 'Auto Attack' to player 001 character data.
INFO | 23:55:16 | [ServerSpawnManager] Adding missing spell 'Chaos Bolt' to player 001 character data.
INFO | 23:55:16 | [ServerSpawnManager] Adding missing spell 'Rift' to player 001 character data.
INFO | 23:55:16 | [ServerSpawnManager] Talents for player 001: test (Rank 3)
INFO | 23:55:16 | [ServerSpawnManager] Initializing empty inventory for player 001 character.
INFO | 23:55:16 | [ServerSpawnManager] Added weapon skill for Staff to player 001.
INFO | 23:55:16 | [ServerSpawnManager] Added weapon skill for Sword to player 001.
INFO | 23:55:16 | [ServerSpawnManager] Added weapon skill for Dagger to player 001.
INFO | 23:55:16 | [ServerSpawnManager] Set initial reputation with faction 'Treaty of Eldanon' to 100 for player 001.
INFO | 23:55:16 | [ServerSpawnManager] Set initial reputation with faction 'Old Dominion' to -100 for player 001.
INFO | 23:55:16 | [ServerSpawnManager] Set initial reputation with faction 'Kingdom of Astonia' to 100 for player 001.
INFO | 23:55:16 | [ServerSpawnManager] Set initial reputation with faction 'Culosimlond' to -100 for player 001.
INFO | 23:55:16 | [ServerSpawnManager] Set initial reputation with faction 'Hostile Units' to -1000 for player 001.
INFO | 23:55:16 | [ServerSpawnManager] Set initial reputation with faction 'Clan Camran' to 0 for player 001.
INFO | 23:55:16 | [ServerSpawnManager] Set initial reputation with faction 'Pel Ambar' to 0 for player 001.
Loaded reputation for faction pvp_treaty with value 100
Loaded reputation for faction pvp_dominion with value -100
Loaded reputation for faction eldani with value 100
Loaded reputation for faction arhin with value -100
Loaded reputation for faction hostile with value -1000
Loaded reputation for faction urngor with value 0
Loaded reputation for faction kiram with value 0
Loaded quest test with progress [0] and completion status False
Loaded class events for sorcerer on actor Player001
INFO | 23:55:16 | [ServerSpawnManager] Character JSON length: 1245
INFO | 23:55:16 | [ActorStatContainer] Player_001 has died.
INFO | 23:55:16 | [ServerInterestManager] Subscribed player Player001 (Game.Shared.PlayerActor) to chunk (0, 0).
INFO | 23:55:16 | [ServerActorManager] Actor interest changed on server: Player_001 (ID: e2f98660-b5e5-4c35-9eb3-b791fb1dd0f7) to logical scene World_0_0
INFO | 23:55:17 | [ServerWorldManager] Scene 'World_1_1' loaded.
INFO | 23:55:17 | [ServerInterestManager] Subscribed player Player001 (Game.Shared.PlayerActor) to chunk (1, 1).
INFO | 23:55:17 | [ServerSpawnManager] Found 0 spawn points in 'World_1_1'.
INFO | 23:55:17 | [ServerWorldManager] Scene 'World_1_0' loaded.
INFO | 23:55:17 | [ServerInterestManager] Subscribed player Player001 (Game.Shared.PlayerActor) to chunk (1, 0).
INFO | 23:55:17 | [ServerSpawnManager] Found 0 spawn points in 'World_1_0'.
INFO | 23:55:17 | [ServerWorldManager] Scene 'World_1_-1' loaded.
INFO | 23:55:17 | [ServerInterestManager] Subscribed player Player001 (Game.Shared.PlayerActor) to chunk (1, -1).
INFO | 23:55:17 | [ServerSpawnManager] Found 0 spawn points in 'World_1_-1'.
INFO | 23:55:17 | [ServerWorldManager] Scene 'World_0_1' loaded.
INFO | 23:55:17 | [ServerInterestManager] Subscribed player Player001 (Game.Shared.PlayerActor) to chunk (0, 1).
INFO | 23:55:17 | [ServerSpawnManager] Found 0 spawn points in 'World_0_1'.
INFO | 23:55:17 | [ServerWorldManager] Scene 'World_0_-1' loaded.
INFO | 23:55:17 | [ServerInterestManager] Subscribed player Player001 (Game.Shared.PlayerActor) to chunk (0, -1).
INFO | 23:55:17 | [ServerSpawnManager] Found 0 spawn points in 'World_0_-1'.
INFO | 23:55:17 | [ServerWorldManager] Scene 'World_-1_1' loaded.
INFO | 23:55:17 | [ServerInterestManager] Subscribed player Player001 (Game.Shared.PlayerActor) to chunk (-1, 1).
INFO | 23:55:17 | [ServerSpawnManager] Found 0 spawn points in 'World_-1_1'.
INFO | 23:55:17 | [ServerWorldManager] Scene 'World_-1_0' loaded.
INFO | 23:55:17 | [ServerInterestManager] Subscribed player Player001 (Game.Shared.PlayerActor) to chunk (-1, 0).
INFO | 23:55:17 | [ServerSpawnManager] Found 0 spawn points in 'World_-1_0'.
INFO | 23:55:17 | [ServerWorldManager] Scene 'World_-1_-1' loaded.
INFO | 23:55:17 | [ServerInterestManager] Subscribed player Player001 (Game.Shared.PlayerActor) to chunk (-1, -1).
INFO | 23:55:17 | [ServerSpawnManager] Found 0 spawn points in 'World_-1_-1'.
INFO | 23:55:19 | [ServerActorManager] NPC '[PH] NPC Unit' aggroed player 'Player_001'.
INFO | 23:55:19 | [ServerActorManager] NPC '[PH] NPC Unit' aggroed player 'Player_001'.
INFO | 23:55:19 | [ServerActorManager] NPC '[PH] NPC Unit' aggroed player 'Player_001'.
INFO | 23:55:19 | [ActorSpellcaster] Actor [PH] NPC Unit(Clone) is casting spell 'auto_attack'
ERRX | 23:55:19 | [ActorStatContainer] Stat with ID melee_hit_chance not found in ActorStatContainer.
INFO | 23:55:19 | [ServerSpellCastManager] Spell cast completed: [PH] NPC Unit finished 'auto_attack'
INFO | 23:55:21 | [ActorSpellcaster] Actor [PH] NPC Unit(Clone) is casting spell 'auto_attack'
ERRX | 23:55:21 | [ActorStatContainer] Stat with ID melee_hit_chance not found in ActorStatContainer.
ERRX | 23:55:21 | [ActorStatContainer] Stat with ID melee_crit_chance not found in ActorStatContainer.
INFO | 23:55:21 | [ServerSpellCastManager] Spell cast completed: [PH] NPC Unit finished 'auto_attack'
INFO | 23:55:21 | [ActorSpellcaster] Actor [PH] NPC Unit(Clone) is casting spell 'auto_attack'
ERRX | 23:55:21 | [ActorStatContainer] Stat with ID melee_hit_chance not found in ActorStatContainer.
INFO | 23:55:21 | [ServerSpellCastManager] Spell cast completed: [PH] NPC Unit finished 'auto_attack'
INFO | 23:55:23 | [ActorSpellcaster] Actor [PH] NPC Unit(Clone) is casting spell 'auto_attack'
ERRX | 23:55:23 | [ActorStatContainer] Stat with ID melee_hit_chance not found in ActorStatContainer.
INFO | 23:55:23 | [ServerSpellCastManager] Spell cast completed: [PH] NPC Unit finished 'auto_attack'
INFO | 23:55:23 | [ActorSpellcaster] Actor [PH] NPC Unit(Clone) is casting spell 'auto_attack'
ERRX | 23:55:23 | [ActorStatContainer] Stat with ID melee_hit_chance not found in ActorStatContainer.
INFO | 23:55:23 | [ServerSpellCastManager] Spell cast completed: [PH] NPC Unit finished 'auto_attack'
INFO | 23:55:23 | [ActorSpellcaster] Actor [PH] NPC Unit(Clone) is casting spell 'auto_attack'
ERRX | 23:55:23 | [ActorStatContainer] Stat with ID melee_hit_chance not found in ActorStatContainer.
ERRX | 23:55:23 | [ActorStatContainer] Stat with ID melee_crit_chance not found in ActorStatContainer.
INFO | 23:55:23 | [ServerSpellCastManager] Spell cast completed: [PH] NPC Unit finished 'auto_attack'
INFO | 23:55:25 | [ActorSpellcaster] Actor [PH] NPC Unit(Clone) is casting spell 'auto_attack'
ERRX | 23:55:25 | [ActorStatContainer] Stat with ID melee_hit_chance not found in ActorStatContainer.
ERRX | 23:55:25 | [ActorStatContainer] Stat with ID melee_crit_chance not found in ActorStatContainer.
INFO | 23:55:25 | [ServerSpellCastManager] Spell cast completed: [PH] NPC Unit finished 'auto_attack'
INFO | 23:55:25 | [ActorSpellcaster] Actor [PH] NPC Unit(Clone) is casting spell 'auto_attack'
ERRX | 23:55:25 | [ActorStatContainer] Stat with ID melee_hit_chance not found in ActorStatContainer.
INFO | 23:55:25 | [ServerSpellCastManager] Spell cast completed: [PH] NPC Unit finished 'auto_attack'
INFO | 23:55:25 | [ActorSpellcaster] Actor [PH] NPC Unit(Clone) is casting spell 'auto_attack'
ERRX | 23:55:25 | [ActorStatContainer] Stat with ID melee_hit_chance not found in ActorStatContainer.
INFO | 23:55:25 | [ServerSpellCastManager] Spell cast completed: [PH] NPC Unit finished 'auto_attack'
INFO | 23:55:27 | [ActorSpellcaster] Actor [PH] NPC Unit(Clone) is casting spell 'auto_attack'
ERRX | 23:55:27 | [ActorStatContainer] Stat with ID melee_hit_chance not found in ActorStatContainer.
ERRX | 23:55:27 | [ActorStatContainer] Stat with ID melee_crit_chance not found in ActorStatContainer.
INFO | 23:55:27 | [ServerSpellCastManager] Spell cast completed: [PH] NPC Unit finished 'auto_attack'
INFO | 23:55:27 | [ActorSpellcaster] Actor Player001 is casting ground spell 'rift' at (-2.06, 0.00, -3.39)
INFO | 23:55:27 | [ServerSpellCastManager] Spell cast started: Player_001 casting 'Rift' (1s)
INFO | 23:55:27 | [ActorSpellcaster] Actor [PH] NPC Unit(Clone) is casting spell 'auto_attack'
ERRX | 23:55:27 | [ActorStatContainer] Stat with ID melee_hit_chance not found in ActorStatContainer.
ERRX | 23:55:27 | [ActorStatContainer] Stat with ID melee_crit_chance not found in ActorStatContainer.
INFO | 23:55:27 | [ServerSpellCastManager] Spell cast completed: [PH] NPC Unit finished 'auto_attack'
INFO | 23:55:27 | [ActorSpellcaster] Actor [PH] NPC Unit(Clone) is casting spell 'auto_attack'
ERRX | 23:55:27 | [ActorStatContainer] Stat with ID melee_hit_chance not found in ActorStatContainer.
INFO | 23:55:27 | [ServerSpellCastManager] Spell cast completed: [PH] NPC Unit finished 'auto_attack'
INFO | 23:55:28 | [SorcererClassBehaviour] Rift placed at (-2.06, 0.00, -3.39) (radius 5, duration 30s) for Player_001
INFO | 23:55:28 | [SorcererClassBehaviour] Generating 10 instability for Player001
INFO | 23:55:28 | [ServerSpellCastManager] Spell cast completed: Player_001 finished 'rift'
INFO | 23:55:29 | [ActorSpellcaster] Actor [PH] NPC Unit(Clone) is casting spell 'auto_attack'
ERRX | 23:55:29 | [ActorStatContainer] Stat with ID melee_hit_chance not found in ActorStatContainer.
INFO | 23:55:29 | [ServerSpellCastManager] Spell cast completed: [PH] NPC Unit finished 'auto_attack'
INFO | 23:55:29 | [ActorSpellcaster] Actor Player001 is casting spell 'chaosbolt'
INFO | 23:55:29 | [ServerSpellCastManager] Spell cast started: Player_001 casting 'Chaos Bolt' (1.5s)
INFO | 23:55:29 | [ActorSpellcaster] Actor [PH] NPC Unit(Clone) is casting spell 'auto_attack'
ERRX | 23:55:29 | [ActorStatContainer] Stat with ID melee_hit_chance not found in ActorStatContainer.
INFO | 23:55:29 | [ServerSpellCastManager] Spell cast completed: [PH] NPC Unit finished 'auto_attack'
INFO | 23:55:29 | [ActorSpellcaster] Actor [PH] NPC Unit(Clone) is casting spell 'auto_attack'
ERRX | 23:55:29 | [ActorStatContainer] Stat with ID melee_hit_chance not found in ActorStatContainer.
ERRX | 23:55:29 | [ActorStatContainer] Stat with ID melee_crit_chance not found in ActorStatContainer.
INFO | 23:55:29 | [ServerSpellCastManager] Spell cast completed: [PH] NPC Unit finished 'auto_attack'
INFO | 23:55:30 | [SorcererClassBehaviour] Generating 10 instability for Player001
INFO | 23:55:30 | [ServerSpellCastManager] Spell cast completed: Player_001 finished 'chaosbolt'
ERRX | 23:55:31 | [ActorStatContainer] Stat with ID crit_resist_chance not found in ActorStatContainer.
INFO | 23:55:31 | [ActorStatContainer] [PH] NPC Unit has died.
INFO | 23:55:31 | [ActorSpellcaster] Actor [PH] NPC Unit(Clone) is casting spell 'auto_attack'
ERRX | 23:55:31 | [ActorStatContainer] Stat with ID melee_hit_chance not found in ActorStatContainer.
INFO | 23:55:31 | [ServerSpellCastManager] Spell cast completed: [PH] NPC Unit finished 'auto_attack'
INFO | 23:55:31 | [ActorSpellcaster] Actor Player001 is casting spell 'chaosbolt'
INFO | 23:55:31 | [ServerSpellCastManager] Spell cast started: Player_001 casting 'Chaos Bolt' (1.5s)
INFO | 23:55:31 | [ActorSpellcaster] Actor [PH] NPC Unit(Clone) is casting spell 'auto_attack'
ERRX | 23:55:31 | [ActorStatContainer] Stat with ID melee_hit_chance not found in ActorStatContainer.
INFO | 23:55:31 | [ServerSpellCastManager] Spell cast completed: [PH] NPC Unit finished 'auto_attack'
INFO | 23:55:32 | [ServerSpellCastManager] Spell cast interrupted: Player_001 stopped casting 'chaosbolt'
INFO | 23:55:33 | [ActorSpellcaster] Actor [PH] NPC Unit(Clone) is casting spell 'auto_attack'
ERRX | 23:55:33 | [ActorStatContainer] Stat with ID melee_hit_chance not found in ActorStatContainer.
INFO | 23:55:33 | [ServerSpellCastManager] Spell cast completed: [PH] NPC Unit finished 'auto_attack'
INFO | 23:55:33 | [ActorSpellcaster] Actor Player001 is casting spell 'chaosbolt'
INFO | 23:55:33 | [ServerSpellCastManager] Spell cast started: Player_001 casting 'Chaos Bolt' (1.5s)
INFO | 23:55:33 | [ActorSpellcaster] Actor [PH] NPC Unit(Clone) is casting spell 'auto_attack'
ERRX | 23:55:33 | [ActorStatContainer] Stat with ID melee_hit_chance not found in ActorStatContainer.
ERRX | 23:55:33 | [ActorStatContainer] Stat with ID melee_crit_chance not found in ActorStatContainer.
INFO | 23:55:33 | [ServerSpellCastManager] Spell cast completed: [PH] NPC Unit finished 'auto_attack'
INFO | 23:55:34 | [SorcererClassBehaviour] Generating 10 instability for Player001
INFO | 23:55:34 | [ServerSpellCastManager] Spell cast completed: Player_001 finished 'chaosbolt'
ERRX | 23:55:34 | [ActorStatContainer] Stat with ID crit_resist_chance not found in ActorStatContainer.
INFO | 23:55:34 | [ActorStatContainer] [PH] NPC Unit has died.
INFO | 23:55:35 | [ActorSpellcaster] Actor [PH] NPC Unit(Clone) is casting spell 'auto_attack'
ERRX | 23:55:35 | [ActorStatContainer] Stat with ID melee_hit_chance not found in ActorStatContainer.
INFO | 23:55:35 | [ServerSpellCastManager] Spell cast completed: [PH] NPC Unit finished 'auto_attack'
INFO | 23:55:36 | [ActorSpellcaster] Actor Player001 is casting spell 'chaosbolt'
INFO | 23:55:36 | [ServerSpellCastManager] Spell cast started: Player_001 casting 'Chaos Bolt' (1.5s)
INFO | 23:55:37 | [ActorSpellcaster] Actor [PH] NPC Unit(Clone) is casting spell 'auto_attack'
ERRX | 23:55:37 | [ActorStatContainer] Stat with ID melee_hit_chance not found in ActorStatContainer.
INFO | 23:55:37 | [ServerSpellCastManager] Spell cast completed: [PH] NPC Unit finished 'auto_attack'
INFO | 23:55:37 | [SorcererClassBehaviour] Generating 10 instability for Player001
INFO | 23:55:37 | [SorcererClassBehaviour] Surge generated: 15 (10 mana × 1.5 ratio) for Player_001
INFO | 23:55:37 | [ServerSpellCastManager] Spell cast completed: Player_001 finished 'chaosbolt'
ERRX | 23:55:37 | [ActorStatContainer] Stat with ID crit_resist_chance not found in ActorStatContainer.
INFO | 23:55:37 | [ActorStatContainer] [PH] NPC Unit has died.
INFO | 23:58:51 | [ActorSpellcaster] Actor Player001 is casting ground spell 'rift' at (-2.75, 0.00, -4.99)
INFO | 23:58:51 | [ServerSpellCastManager] Spell cast started: Player_001 casting 'Rift' (1s)
INFO | 23:58:52 | [SorcererClassBehaviour] Rift placed at (-2.75, 0.00, -4.99) (radius 5, duration 30s) for Player_001
INFO | 23:58:52 | [SorcererClassBehaviour] Generating 10 instability for Player001
INFO | 23:58:52 | [ServerSpellCastManager] Spell cast completed: Player_001 finished 'rift'
INFO | 23:59:03 | [ActorSpellcaster] Actor Player001 is casting spell 'auto_attack'
INFO | 23:59:03 | [ServerSpellCastManager] Started cooldown for spell 'auto_attack' on actor Player_001 (ID: e2f98660-b5e5-4c35-9eb3-b791fb1dd0f7) with duration 1.6s
WARN | 23:59:03 | [ServerSpellCastManager] Player Player_001 cast a weapon skill without a weapon equipped.
INFO | 23:59:03 | [ServerSpellCastManager] Spell cast completed: Player_001 finished 'auto_attack'
INFO | 23:59:05 | [ActorSpellcaster] Actor Player001 is casting spell 'auto_attack'
INFO | 23:59:05 | [ServerSpellCastManager] Started cooldown for spell 'auto_attack' on actor Player_001 (ID: e2f98660-b5e5-4c35-9eb3-b791fb1dd0f7) with duration 1.6s
WARN | 23:59:05 | [ServerSpellCastManager] Player Player_001 cast a weapon skill without a weapon equipped.
INFO | 23:59:05 | [ServerSpellCastManager] Spell cast completed: Player_001 finished 'auto_attack'
INFO | 23:59:12 | [ActorSpellcaster] Actor Player001 is casting spell 'auto_attack'
ERRX | 23:59:12 | [ActorStatContainer] Stat with ID crit_resist_chance not found in ActorStatContainer.
ERRX | 23:59:12 | [ActorStatContainer] Stat with ID fire_resistance not found in ActorStatContainer.
ERRX | 23:59:12 | [ActorStatContainer] Stat with ID crit_resist_chance not found in ActorStatContainer.
ERRX | 23:59:12 | [ActorStatContainer] Stat with ID fire_resistance not found in ActorStatContainer.
ERRX | 23:59:12 | [ActorStatContainer] Stat with ID crit_resist_chance not found in ActorStatContainer.
ERRX | 23:59:12 | [ActorStatContainer] Stat with ID fire_resistance not found in ActorStatContainer.
ERRX | 23:59:12 | [ActorStatContainer] Stat with ID crit_resist_chance not found in ActorStatContainer.
INFO | 23:59:12 | [ServerSpellCastManager] Started cooldown for spell 'auto_attack' on actor Player_001 (ID: e2f98660-b5e5-4c35-9eb3-b791fb1dd0f7) with duration 1.6s
WARN | 23:59:12 | [ServerSpellCastManager] Player Player_001 cast a weapon skill without a weapon equipped.
INFO | 23:59:12 | [ServerSpellCastManager] Spell cast completed: Player_001 finished 'auto_attack'
INFO | 23:59:16 | [ActorSpellcaster] Actor Player001 is casting spell 'auto_attack'
ERRX | 23:59:16 | [ActorStatContainer] Stat with ID crit_resist_chance not found in ActorStatContainer.
ERRX | 23:59:16 | [ActorStatContainer] Stat with ID fire_resistance not found in ActorStatContainer.
ERRX | 23:59:16 | [ActorStatContainer] Stat with ID crit_resist_chance not found in ActorStatContainer.
ERRX | 23:59:16 | [ActorStatContainer] Stat with ID fire_resistance not found in ActorStatContainer.
ERRX | 23:59:16 | [ActorStatContainer] Stat with ID crit_resist_chance not found in ActorStatContainer.
ERRX | 23:59:16 | [ActorStatContainer] Stat with ID fire_resistance not found in ActorStatContainer.
ERRX | 23:59:16 | [ActorStatContainer] Stat with ID crit_resist_chance not found in ActorStatContainer.
INFO | 23:59:16 | [ServerSpellCastManager] Started cooldown for spell 'auto_attack' on actor Player_001 (ID: e2f98660-b5e5-4c35-9eb3-b791fb1dd0f7) with duration 1.6s
WARN | 23:59:16 | [ServerSpellCastManager] Player Player_001 cast a weapon skill without a weapon equipped.
INFO | 23:59:16 | [ServerSpellCastManager] Spell cast completed: Player_001 finished 'auto_attack'
INFO | 23:59:17 | [ActorSpellcaster] Actor Player001 is casting spell 'auto_attack'
INFO | 23:59:17 | [ServerSpellCastManager] Started cooldown for spell 'auto_attack' on actor Player_001 (ID: e2f98660-b5e5-4c35-9eb3-b791fb1dd0f7) with duration 1.6s
WARN | 23:59:17 | [ServerSpellCastManager] Player Player_001 cast a weapon skill without a weapon equipped.
INFO | 23:59:17 | [ServerSpellCastManager] Spell cast completed: Player_001 finished 'auto_attack'
INFO | 23:59:19 | [ActorSpellcaster] Actor Player001 is casting spell 'auto_attack'
ERRX | 23:59:19 | [ActorStatContainer] Stat with ID crit_resist_chance not found in ActorStatContainer.
ERRX | 23:59:19 | [ActorStatContainer] Stat with ID fire_resistance not found in ActorStatContainer.
ERRX | 23:59:19 | [ActorStatContainer] Stat with ID crit_resist_chance not found in ActorStatContainer.
ERRX | 23:59:19 | [ActorStatContainer] Stat with ID fire_resistance not found in ActorStatContainer.
ERRX | 23:59:19 | [ActorStatContainer] Stat with ID crit_resist_chance not found in ActorStatContainer.
ERRX | 23:59:19 | [ActorStatContainer] Stat with ID fire_resistance not found in ActorStatContainer.
ERRX | 23:59:19 | [ActorStatContainer] Stat with ID crit_resist_chance not found in ActorStatContainer.
INFO | 23:59:19 | [ServerSpellCastManager] Started cooldown for spell 'auto_attack' on actor Player_001 (ID: e2f98660-b5e5-4c35-9eb3-b791fb1dd0f7) with duration 1.6s
WARN | 23:59:19 | [ServerSpellCastManager] Player Player_001 cast a weapon skill without a weapon equipped.
INFO | 23:59:19 | [ServerSpellCastManager] Spell cast completed: Player_001 finished 'auto_attack'
INFO | 23:59:24 | [ActorSpellcaster] Actor Player001 is casting spell 'auto_attack'
ERRX | 23:59:24 | [ActorStatContainer] Stat with ID crit_resist_chance not found in ActorStatContainer.
ERRX | 23:59:24 | [ActorStatContainer] Stat with ID fire_resistance not found in ActorStatContainer.
ERRX | 23:59:24 | [ActorStatContainer] Stat with ID crit_resist_chance not found in ActorStatContainer.
ERRX | 23:59:24 | [ActorStatContainer] Stat with ID fire_resistance not found in ActorStatContainer.
ERRX | 23:59:24 | [ActorStatContainer] Stat with ID crit_resist_chance not found in ActorStatContainer.
ERRX | 23:59:24 | [ActorStatContainer] Stat with ID fire_resistance not found in ActorStatContainer.
ERRX | 23:59:24 | [ActorStatContainer] Stat with ID crit_resist_chance not found in ActorStatContainer.
INFO | 23:59:24 | [ServerSpellCastManager] Started cooldown for spell 'auto_attack' on actor Player_001 (ID: e2f98660-b5e5-4c35-9eb3-b791fb1dd0f7) with duration 1.6s
WARN | 23:59:24 | [ServerSpellCastManager] Player Player_001 cast a weapon skill without a weapon equipped.
INFO | 23:59:24 | [ServerSpellCastManager] Spell cast completed: Player_001 finished 'auto_attack'
INFO | 23:59:25 | [ActorSpellcaster] Actor Player001 is casting spell 'auto_attack'
INFO | 23:59:25 | [ServerSpellCastManager] Started cooldown for spell 'auto_attack' on actor Player_001 (ID: e2f98660-b5e5-4c35-9eb3-b791fb1dd0f7) with duration 1.6s
WARN | 23:59:25 | [ServerSpellCastManager] Player Player_001 cast a weapon skill without a weapon equipped.
INFO | 23:59:25 | [ServerSpellCastManager] Spell cast completed: Player_001 finished 'auto_attack'
INFO | 23:59:28 | [ActorSpellcaster] Actor Player001 is casting ground spell 'rift' at (14.80, 0.00, -12.63)
INFO | 23:59:28 | [ServerSpellCastManager] Spell cast started: Player_001 casting 'Rift' (1s)
INFO | 23:59:29 | [SorcererClassBehaviour] Rift placed at (14.80, 0.00, -12.63) (radius 5, duration 30s) for Player_001
INFO | 23:59:29 | [SorcererClassBehaviour] Generating 10 instability for Player001
INFO | 23:59:29 | [ServerSpellCastManager] Spell cast completed: Player_001 finished 'rift'
INFO | 23:59:29 | [ActorSpellcaster] Actor Player001 is casting spell 'chaosbolt'
INFO | 23:59:29 | [ServerSpellCastManager] Spell cast started: Player_001 casting 'Chaos Bolt' (1.5s)
INFO | 23:59:31 | [SorcererClassBehaviour] Generating 10 instability for Player001
INFO | 23:59:31 | [ServerSpellCastManager] Spell cast completed: Player_001 finished 'chaosbolt'
ERRX | 23:59:31 | [ActorStatContainer] Stat with ID crit_resist_chance not found in ActorStatContainer.
INFO | 23:59:32 | [ActorSpellcaster] Actor Player001 is casting spell 'chaosbolt'
INFO | 23:59:32 | [ServerSpellCastManager] Spell cast started: Player_001 casting 'Chaos Bolt' (1.5s)
INFO | 23:59:33 | [SorcererClassBehaviour] Generating 10 instability for Player001
INFO | 23:59:33 | [ServerSpellCastManager] Spell cast completed: Player_001 finished 'chaosbolt'
ERRX | 23:59:33 | [ActorStatContainer] Stat with ID crit_resist_chance not found in ActorStatContainer.
INFO | 23:59:33 | [ActorSpellcaster] Actor Player001 is casting spell 'chaosbolt'
INFO | 23:59:33 | [ServerSpellCastManager] Spell cast started: Player_001 casting 'Chaos Bolt' (1.5s)
INFO | 23:59:34 | [ServerSpellCastManager] Spell cast interrupted: Player_001 stopped casting 'chaosbolt'
INFO | 23:59:38 | [ActorSpellcaster] Actor Player001 is casting spell 'chaosbolt'
INFO | 23:59:38 | [ServerSpellCastManager] Spell cast started: Player_001 casting 'Chaos Bolt' (1.5s)
INFO | 23:59:39 | [SorcererClassBehaviour] Generating 10 instability for Player001
INFO | 23:59:39 | [SorcererClassBehaviour] Surge generated: 15 (10 mana × 1.5 ratio) for Player_001
INFO | 23:59:39 | [ServerSpellCastManager] Spell cast completed: Player_001 finished 'chaosbolt'
ERRX | 23:59:39 | [ActorStatContainer] Stat with ID crit_resist_chance not found in ActorStatContainer.
INFO | 23:59:40 | [ActorSpellcaster] Actor Player001 is casting spell 'chaosbolt'
INFO | 23:59:40 | [ServerSpellCastManager] Spell cast started: Player_001 casting 'Chaos Bolt' (1.5s)
INFO | 23:59:42 | [SorcererClassBehaviour] Generating 10 instability for Player001
INFO | 23:59:42 | [SorcererClassBehaviour] Surge generated: 15 (10 mana × 1.5 ratio) for Player_001
INFO | 23:59:42 | [ServerSpellCastManager] Spell cast completed: Player_001 finished 'chaosbolt'
ERRX | 23:59:42 | [ActorStatContainer] Stat with ID crit_resist_chance not found in ActorStatContainer.
INFO | 23:59:45 | [ActorSpellcaster] Actor Player001 is casting spell 'chaosbolt'
INFO | 23:59:45 | [ServerSpellCastManager] Spell cast started: Player_001 casting 'Chaos Bolt' (1.5s)
INFO | 23:59:46 | [SorcererClassBehaviour] Generating 10 instability for Player001
INFO | 23:59:46 | [SorcererClassBehaviour] Surge generated: 15 (10 mana × 1.5 ratio) for Player_001
INFO | 23:59:46 | [ServerSpellCastManager] Spell cast completed: Player_001 finished 'chaosbolt'
ERRX | 23:59:46 | [ActorStatContainer] Stat with ID crit_resist_chance not found in ActorStatContainer.
WARN | 23:59:55 | [ActorSpellcaster] Actor Player001 attempted to cast 'chaosbolt' which requires a target, but no target was selected.
WARN | 23:59:55 | [ActorSpellcaster] Actor Player001 attempted to cast 'chaosbolt' which requires a target, but no target was selected.
INFO | 23:59:56 | [ActorSpellcaster] Actor Player001 is casting spell 'chaosbolt'
INFO | 23:59:56 | [ServerSpellCastManager] Spell cast started: Player_001 casting 'Chaos Bolt' (1.5s)
INFO | 23:59:58 | [SorcererClassBehaviour] Generating 10 instability for Player001
INFO | 23:59:58 | [SorcererClassBehaviour] Surge generated: 15 (10 mana × 1.5 ratio) for Player_001
INFO | 23:59:58 | [ServerSpellCastManager] Spell cast completed: Player_001 finished 'chaosbolt'
INFO | 23:59:58 | [ActorSpellcaster] Actor Player001 is casting spell 'chaosbolt'
INFO | 23:59:58 | [ServerSpellCastManager] Spell cast started: Player_001 casting 'Chaos Bolt' (1.5s)
ERRX | 23:59:58 | [ActorStatContainer] Stat with ID crit_resist_chance not found in ActorStatContainer.
INFO | 23:59:59 | [SorcererClassBehaviour] Generating 10 instability for Player001
INFO | 23:59:59 | [SorcererClassBehaviour] Surge generated: 15 (10 mana × 1.5 ratio) for Player_001
INFO | 23:59:59 | [ServerSpellCastManager] Spell cast completed: Player_001 finished 'chaosbolt'
INFO | 23:59:59 | [ActorSpellcaster] Actor Player001 is casting spell 'chaosbolt'
INFO | 23:59:59 | [ServerSpellCastManager] Spell cast started: Player_001 casting 'Chaos Bolt' (1.5s)
ERRX | 23:59:59 | [ActorStatContainer] Stat with ID crit_resist_chance not found in ActorStatContainer.
INFO | 00:00:01 | [SorcererClassBehaviour] Generating 10 instability for Player001
INFO | 00:00:01 | [SorcererClassBehaviour] Surge generated: 15 (10 mana × 1.5 ratio) for Player_001
INFO | 00:00:01 | [ServerSpellCastManager] Spell cast completed: Player_001 finished 'chaosbolt'
ERRX | 00:00:01 | [ActorStatContainer] Stat with ID crit_resist_chance not found in ActorStatContainer.
INFO | 00:00:02 | [ActorSpellcaster] Actor Player001 is casting spell 'chaosbolt'
INFO | 00:00:02 | [ServerSpellCastManager] Spell cast started: Player_001 casting 'Chaos Bolt' (1.5s)
INFO | 00:00:04 | [SorcererClassBehaviour] Generating 10 instability for Player001
INFO | 00:00:04 | [SorcererClassBehaviour] Surge generated: 30 (10 mana × 3 ratio) for Player_001
INFO | 00:00:04 | [ServerSpellCastManager] Spell cast completed: Player_001 finished 'chaosbolt'
ERRX | 00:00:04 | [ActorStatContainer] Stat with ID crit_resist_chance not found in ActorStatContainer.
INFO | 00:00:05 | [ActorSpellcaster] Actor Player001 is casting spell 'chaosbolt'
INFO | 00:00:05 | [ServerSpellCastManager] Spell cast started: Player_001 casting 'Chaos Bolt' (1.5s)
INFO | 00:00:07 | [SorcererClassBehaviour] Generating 10 instability for Player001
INFO | 00:00:07 | [SorcererClassBehaviour] Surge generated: 30 (10 mana × 3 ratio) for Player_001
INFO | 00:00:07 | [ServerSpellCastManager] Spell cast completed: Player_001 finished 'chaosbolt'
ERRX | 00:00:07 | [ActorStatContainer] Stat with ID crit_resist_chance not found in ActorStatContainer.
INFO | 00:00:08 | [ActorSpellcaster] Actor Player001 is casting spell 'chaosbolt'
INFO | 00:00:08 | [ServerSpellCastManager] Spell cast started: Player_001 casting 'Chaos Bolt' (1.5s)
INFO | 00:00:10 | [SorcererClassBehaviour] Generating 10 instability for Player001
INFO | 00:00:10 | [SorcererClassBehaviour] Surge generated: 30 (10 mana × 3 ratio) for Player_001
INFO | 00:00:10 | [ServerSpellCastManager] Spell cast completed: Player_001 finished 'chaosbolt'
ERRX | 00:00:10 | [ActorStatContainer] Stat with ID crit_resist_chance not found in ActorStatContainer.
NullReferenceException: Object reference not set to an instance of an object
  at Game.Shared.PlayerInventory.AddItem (Game.Shared.ItemInstance item, System.Int32& remainder, System.Int32 amount) [0x00010] in <38f2ae7c54344e5e99b205ba8309d5c6>:0 
  at Game.Shared.PlayerEquipment.UnequipItem (Game.Shared.Data.ItemSlot slot) [0x0003c] in <38f2ae7c54344e5e99b205ba8309d5c6>:0 
  at Game.Shared.PlayerEquipment.Server_RequestUnequipItem_Original_1 (Game.Shared.Data.ItemSlot slot, PurrNet.RPCInfo rpcInfo) [0x0001c] in <38f2ae7c54344e5e99b205ba8309d5c6>:0 
  at Game.Shared.PlayerEquipment.HandleRPCGenerated_1 (PurrNet.RPCPacket packet, PurrNet.RPCInfo info, System.Boolean asServer) [0x000a5] in <38f2ae7c54344e5e99b205ba8309d5c6>:0 
  at Game.Shared.PlayerEquipment.OnReceivedRpc (System.Int32 id, PurrNet.RPCPacket packet, PurrNet.RPCInfo info, System.Boolean asServer) [0x00026] in <38f2ae7c54344e5e99b205ba8309d5c6>:0 
  at PurrNet.Modules.RPCModule.ReceiveRPC (PurrNet.PlayerID player, PurrNet.RPCPacket packet, System.Boolean asServer) [0x0007c] in <06fff8a1fc874f7b850887c732174435>:0 
UnityEngine.DebugLogHandler:Internal_LogException_Injected(Exception, IntPtr)
UnityEngine.DebugLogHandler:Internal_LogException(Exception, Object)
UnityEngine.DebugLogHandler:LogException(Exception, Object)
UnityEngine.Logger:LogException(Exception, Object)
UnityEngine.Debug:LogException(Exception, Object)
PurrNet.Logging.PurrLogger:LogException(Exception, Object)
PurrNet.Modules.RPCModule:ReceiveRPC(PlayerID, RPCPacket, Boolean)
PurrNet.Modules.RPCModule:ReceivedUnionBatchedRPC(PlayerID, UnionRPCHeader, BitData, Boolean)
PurrNet.Modules.RPCBatch:OnBatchReceived(PlayerID, RPCBatchPacket, Boolean)
PurrNet.PlayerBroadcastCallback`1:TriggerCallback(PlayerID, BitPacker, Boolean)
PurrNet.PlayersBroadcaster:OnRawDataReceived(Connection, UInt32, BitPacker)
PurrNet.Modules.BroadcastModule:TriggerCallback(Connection, UInt32, BitPacker)
PurrNet.Modules.BroadcastModule:OnDataReceived(Connection, ByteData, Boolean)
PurrNet.ModulesCollection:OnDataReceived(Connection, ByteData, Boolean)
PurrNet.NetworkManager:OnDataReceived(Connection, ByteData, Boolean)
PurrNet.Transports.UDPTransport:OnServerData(NetPeer, NetPacketReader, Byte, DeliveryMethod)
LiteNetLib.EventBasedNetListener:LiteNetLib.INetEventListener.OnNetworkReceive(NetPeer, NetPacketReader, Byte, DeliveryMethod)
LiteNetLib.NetManager:ProcessEvent(NetEvent)
LiteNetLib.NetManager:CreateReceiveEvent(NetPacket, DeliveryMethod, Byte, Int32, NetPeer)
LiteNetLib.NetPeer:AddReliablePacket(DeliveryMethod, NetPacket)
LiteNetLib.ReliableChannel:ProcessPacket(NetPacket)
LiteNetLib.NetPeer:ProcessPacket(NetPacket)
LiteNetLib.NetPeer:ProcessPacket(NetPacket)
LiteNetLib.NetManager:DebugMessageReceived(NetPacket, IPEndPoint)
LiteNetLib.NetManager:OnMessageReceived(NetPacket, IPEndPoint)
LiteNetLib.NetManager:ReceiveFrom(Socket, EndPoint&)
LiteNetLib.NetManager:ManualReceive(Socket, EndPoint, Int32)
LiteNetLib.NetManager:PollEvents(Int32)
PurrNet.Transports.UDPTransport:ReceiveMessages(Single)
PurrNet.NetworkManager:OnTick()
PurrNet.NetworkManager:OnServerTick()
PurrNet.Modules.TickManager:HandleTick()
PurrNet.Modules.TickManager:Update()
PurrNet.ModulesCollection:TriggerOnUpdate()
PurrNet.NetworkManager:Update()

INFO | 00:03:12 | [ServerConnectionManager] Player left: 001
INFO | 00:03:12 | [ServerInterestManager] Unsubscribed player Player001 (Game.Shared.PlayerActor) from chunk (0, 0).
INFO | 00:03:12 | [ServerInterestManager] Unsubscribed player Player001 (Game.Shared.PlayerActor) from chunk (1, 1).
INFO | 00:03:12 | [ServerInterestManager] Unsubscribed player Player001 (Game.Shared.PlayerActor) from chunk (1, 0).
INFO | 00:03:12 | [ServerInterestManager] Unsubscribed player Player001 (Game.Shared.PlayerActor) from chunk (1, -1).
INFO | 00:03:12 | [ServerInterestManager] Unsubscribed player Player001 (Game.Shared.PlayerActor) from chunk (0, 1).
INFO | 00:03:12 | [ServerInterestManager] Unsubscribed player Player001 (Game.Shared.PlayerActor) from chunk (0, -1).
INFO | 00:03:12 | [ServerInterestManager] Unsubscribed player Player001 (Game.Shared.PlayerActor) from chunk (-1, 1).
INFO | 00:03:12 | [ServerInterestManager] Unsubscribed player Player001 (Game.Shared.PlayerActor) from chunk (-1, 0).
INFO | 00:03:12 | [ServerInterestManager] Unsubscribed player Player001 (Game.Shared.PlayerActor) from chunk (-1, -1).
